###############################################################################
#
# IAR ELF Linker V7.50.2.10312/W32 for ARM                12/Sep/2025  16:03:41
# Copyright 2007-2015 IAR Systems AB.
#
#    Output file  =  
#        D:\Работа\Диод\UART1 Modbus RX TX с индикатором и
#        таблицей\Debug\Exe\c.out
#    Map file     =  
#        D:\Работа\Диод\UART1 Modbus RX TX с индикатором и
#        таблицей\Debug\List\c.map
#    Command line =  
#        "D:\Работа\Диод\UART1 Modbus RX TX с индикатором и
#        таблицей\Debug\Obj\main.o" -o "D:\Работа\Диод\UART1 Modbus RX TX с
#        индикатором и таблицей\Debug\Exe\c.out" --redirect _Printf=_PrintfFull
#        --redirect _Scanf=_ScanfFull --map "D:\Работа\Диод\UART1 Modbus RX TX
#        с индикатором и таблицей\Debug\List\c.map" --config
#        D:\arm\config\linker\ST\stm32f407xG.icf --entry __iar_program_start
#        --inline --vfe
#
###############################################################################

*******************************************************************************
*** RUNTIME MODEL ATTRIBUTES
***

CppFlavor       = *
__SystemLibrary = DLib


*******************************************************************************
*** PLACEMENT SUMMARY
***

"A1":  place at 0x08000000 { ro section .intvec };
"P1":  place in [from 0x08000000 to 0x080fffff] { ro };
"P2":  place in [from 0x20000000 to 0x2001ffff] { rw, block CSTACK, block HEAP };

  Section            Kind        Address    Size  Object
  -------            ----        -------    ----  ------
"A1":                                       0x40
  .intvec            ro code  0x08000000    0x40  vector_table_M.o [5]
                            - 0x08000040    0x40

"P1":                                      0x82c
  .text              ro code  0x08000040   0x6f8  main.o [1]
  .text              ro code  0x08000738    0x40  zero_init3.o [5]
  .text              ro code  0x08000778    0x2c  copy_init3.o [5]
  .text              ro code  0x080007a4    0x28  data_init.o [5]
  .text              ro code  0x080007cc    0x22  fpinit_M.o [4]
  .iar.init_table    const    0x080007f0    0x24  - Linker created -
  .text              ro code  0x08000814     0x2  vector_table_M.o [5]
  .text              ro code  0x08000818    0x1a  cmain.o [5]
  .text              ro code  0x08000832     0x4  exit.o [3]
  .text              ro code  0x08000838     0xa  cexit.o [5]
  .text              ro code  0x08000844     0xc  XXexit.o [5]
  Initializer bytes  const    0x08000850    0x10  <for P2-1>
  .text              ro code  0x08000860     0xc  cstartup_M.o [5]
  .rodata            const    0x0800086c     0x0  zero_init3.o [5]
  .rodata            const    0x0800086c     0x0  copy_init3.o [5]
                            - 0x0800086c   0x82c

"P2", part 1 of 3:                          0x10
  P2-1                        0x20000000    0x10  <Init block>
    .data            inited   0x20000000     0x4  main.o [1]
    .data            inited   0x20000004     0x4  main.o [1]
    .data            inited   0x20000008     0x4  main.o [1]
    .data            inited   0x2000000c     0x4  main.o [1]
                            - 0x20000010    0x10

"P2", part 2 of 3:                        0x2000
  CSTACK                      0x20000010  0x2000  <Block>
    CSTACK           uninit   0x20000010  0x2000  <Block tail>
                            - 0x20002010  0x2000

"P2", part 3 of 3:                         0x204
  .bss               zero     0x20002010   0x200  main.o [1]
  .bss               zero     0x20002210     0x1  main.o [1]
                            - 0x20002211   0x201


*******************************************************************************
*** INIT TABLE
***

          Address     Size
          -------     ----
Zero (__iar_zero_init3)
    1 destination range, total size 0x201:
          0x20002010  0x201

Copy (__iar_copy_init3)
    1 source range, total size 0x10:
          0x08000850   0x10
    1 destination range, total size 0x10:
          0x20000000   0x10



*******************************************************************************
*** MODULE SUMMARY
***

    Module            ro code  ro data  rw data
    ------            -------  -------  -------
D:\Работа\Диод\UART1 Modbus RX TX с индикатором и таблицей\Debug\Obj: [1]
    main.o              1 784       16      529
    -------------------------------------------
    Total:              1 784       16      529

command line: [2]
    -------------------------------------------
    Total:

dl7M_tln.a: [3]
    exit.o                  4
    -------------------------------------------
    Total:                  4

m7M_tls.a: [4]
    fpinit_M.o             34
    -------------------------------------------
    Total:                 34

rt7M_tl.a: [5]
    XXexit.o               12
    cexit.o                10
    cmain.o                26
    copy_init3.o           44
    cstartup_M.o           12
    data_init.o            40
    vector_table_M.o       66
    zero_init3.o           64
    -------------------------------------------
    Total:                274

    Gaps                    6        2
    Linker created                  36    8 192
-----------------------------------------------
    Grand Total:        2 102       54    8 721


*******************************************************************************
*** ENTRY LIST
***

Entry                      Address   Size  Type      Object
-----                      -------   ----  ----      ------
.iar.init_table$$Base   0x080007f0          --   Gb  - Linker created -
.iar.init_table$$Limit  0x08000814          --   Gb  - Linker created -
?main                   0x08000819         Code  Gb  cmain.o [5]
CSTACK$$Base            0x20000010          --   Gb  - Linker created -
CSTACK$$Limit           0x20002010          --   Gb  - Linker created -
GPIOB                   0x20000004    0x4  Data  Gb  main.o [1]
GPIOD                   0x20000008    0x4  Data  Gb  main.o [1]
RCC_addr                0x20000000    0x4  Data  Gb  main.o [1]
Region$$Table$$Base     0x080007f0          --   Gb  - Linker created -
Region$$Table$$Limit    0x08000814          --   Gb  - Linker created -
SystemInit              0x08000295  0x148  Code  Gb  main.o [1]
USART1                  0x2000000c    0x4  Data  Gb  main.o [1]
__cmain                 0x08000819         Code  Gb  cmain.o [5]
__exit                  0x08000845         Code  Gb  XXexit.o [5]
__iar_copy_init3        0x08000779   0x2c  Code  Gb  copy_init3.o [5]
__iar_data_init3        0x080007a5   0x28  Code  Gb  data_init.o [5]
__iar_init_vfp          0x080007cd         Code  Gb  fpinit_M.o [4]
__iar_program_start     0x08000861         Code  Gb  cstartup_M.o [5]
__iar_zero_init3        0x08000739   0x40  Code  Gb  zero_init3.o [5]
__vector_table          0x08000000         Data  Gb  vector_table_M.o [5]
_call_main              0x08000825         Code  Gb  cmain.o [5]
_exit                   0x08000839         Code  Gb  cexit.o [5]
_main                   0x0800082f         Code  Gb  cmain.o [5]
calculate_crc_modbus_fast
                        0x0800008f   0x32  Code  Gb  main.o [1]
crc_table               0x20002010  0x200  Data  Gb  main.o [1]
exit                    0x08000833    0x4  Code  Gb  exit.o [3]
init_crc_table          0x08000041   0x4e  Code  Gb  main.o [1]
main                    0x080003dd  0x340  Code  Gb  main.o [1]
receive_modbus_response
                        0x0800024d   0x48  Code  Gb  main.o [1]
send_modbus_read_registers
                        0x0800019d   0xb0  Code  Gb  main.o [1]
send_modbus_write_register
                        0x08000113   0x8a  Code  Gb  main.o [1]
table_generated         0x20002210    0x1  Data  Gb  main.o [1]
uart1_receive_char      0x080000f7   0x1c  Code  Gb  main.o [1]
uart1_send_char         0x080000c1   0x36  Code  Gb  main.o [1]


[1] = D:\Работа\Диод\UART1 Modbus RX TX с индикатором и таблицей\Debug\Obj
[2] = command line
[3] = dl7M_tln.a
[4] = m7M_tls.a
[5] = rt7M_tl.a

  2 102 bytes of readonly  code memory
     54 bytes of readonly  data memory
  8 721 bytes of readwrite data memory

Errors: none
Warnings: none
