###############################################################################
#
# IAR ELF Linker V7.50.2.10312/W32 for ARM                09/Sep/2025  14:02:00
# Copyright 2007-2015 IAR Systems AB.
#
#    Output file  =  D:\Работа\Диод\UART1 Modbus RX TX — копия\Debug\Exe\c.out
#    Map file     =  D:\Работа\Диод\UART1 Modbus RX TX — копия\Debug\List\c.map
#    Command line =  
#        "D:\Работа\Диод\UART1 Modbus RX TX — копия\Debug\Obj\main.o" -o
#        "D:\Работа\Диод\UART1 Modbus RX TX — копия\Debug\Exe\c.out" --redirect
#        _Printf=_PrintfFull --redirect _Scanf=_ScanfFull --map
#        "D:\Работа\Диод\UART1 Modbus RX TX — копия\Debug\List\c.map" --config
#        D:\arm\config\linker\ST\stm32f407xG.icf --entry __iar_program_start
#        --inline --vfe
#
###############################################################################

*******************************************************************************
*** RUNTIME MODEL ATTRIBUTES
***

CppFlavor       = *
__SystemLibrary = DLib


*******************************************************************************
*** PLACEMENT SUMMARY
***

"A1":  place at 0x08000000 { ro section .intvec };
"P1":  place in [from 0x08000000 to 0x080fffff] { ro };
"P2":  place in [from 0x20000000 to 0x2001ffff] { rw, block CSTACK, block HEAP };

  Section            Kind        Address    Size  Object
  -------            ----        -------    ----  ------
"A1":                                       0x40
  .intvec            ro code  0x08000000    0x40  vector_table_M.o [5]
                            - 0x08000040    0x40

"P1":                                      0x7c8
  .text              ro code  0x08000040   0x6e4  main.o [1]
  .text              ro code  0x08000724    0x2c  copy_init3.o [5]
  .text              ro code  0x08000750    0x28  data_init.o [5]
  .text              ro code  0x08000778    0x22  fpinit_M.o [4]
  .iar.init_table    const    0x0800079c    0x14  - Linker created -
  .text              ro code  0x080007b0     0x2  vector_table_M.o [5]
  .text              ro code  0x080007b4    0x1a  cmain.o [5]
  .text              ro code  0x080007ce     0x4  exit.o [3]
  .text              ro code  0x080007d4     0xa  cexit.o [5]
  .text              ro code  0x080007e0     0xc  XXexit.o [5]
  Initializer bytes  const    0x080007ec    0x10  <for P2-1>
  .text              ro code  0x080007fc     0xc  cstartup_M.o [5]
  .rodata            const    0x08000808     0x0  copy_init3.o [5]
                            - 0x08000808   0x7c8

"P2", part 1 of 2:                          0x10
  P2-1                        0x20000000    0x10  <Init block>
    .data            inited   0x20000000     0x4  main.o [1]
    .data            inited   0x20000004     0x4  main.o [1]
    .data            inited   0x20000008     0x4  main.o [1]
    .data            inited   0x2000000c     0x4  main.o [1]
                            - 0x20000010    0x10

"P2", part 2 of 2:                        0x2000
  CSTACK                      0x20000010  0x2000  <Block>
    CSTACK           uninit   0x20000010  0x2000  <Block tail>
                            - 0x20002010  0x2000


*******************************************************************************
*** INIT TABLE
***

          Address     Size
          -------     ----
Copy (__iar_copy_init3)
    1 source range, total size 0x10:
          0x080007ec  0x10
    1 destination range, total size 0x10:
          0x20000000  0x10



*******************************************************************************
*** MODULE SUMMARY
***

    Module            ro code  ro data  rw data
    ------            -------  -------  -------
D:\Работа\Диод\UART1 Modbus RX TX — копия\Debug\Obj: [1]
    main.o              1 764       16       16
    -------------------------------------------
    Total:              1 764       16       16

command line: [2]
    -------------------------------------------
    Total:

dl7M_tln.a: [3]
    exit.o                  4
    -------------------------------------------
    Total:                  4

m7M_tls.a: [4]
    fpinit_M.o             34
    -------------------------------------------
    Total:                 34

rt7M_tl.a: [5]
    XXexit.o               12
    cexit.o                10
    cmain.o                26
    copy_init3.o           44
    cstartup_M.o           12
    data_init.o            40
    vector_table_M.o       66
    -------------------------------------------
    Total:                210

    Gaps                    6        2
    Linker created                  20    8 192
-----------------------------------------------
    Grand Total:        2 018       38    8 208


*******************************************************************************
*** ENTRY LIST
***

Entry                      Address   Size  Type      Object
-----                      -------   ----  ----      ------
.iar.init_table$$Base   0x0800079c          --   Gb  - Linker created -
.iar.init_table$$Limit  0x080007b0          --   Gb  - Linker created -
?main                   0x080007b5         Code  Gb  cmain.o [5]
CSTACK$$Base            0x20000010          --   Gb  - Linker created -
CSTACK$$Limit           0x20002010          --   Gb  - Linker created -
GPIOB                   0x20000004    0x4  Data  Gb  main.o [1]
GPIOD                   0x20000008    0x4  Data  Gb  main.o [1]
RCC_addr                0x20000000    0x4  Data  Gb  main.o [1]
Region$$Table$$Base     0x0800079c          --   Gb  - Linker created -
Region$$Table$$Limit    0x080007b0          --   Gb  - Linker created -
SystemInit              0x08000255  0x148  Code  Gb  main.o [1]
USART1                  0x2000000c    0x4  Data  Gb  main.o [1]
__cmain                 0x080007b5         Code  Gb  cmain.o [5]
__exit                  0x080007e1         Code  Gb  XXexit.o [5]
__iar_copy_init3        0x08000725   0x2c  Code  Gb  copy_init3.o [5]
__iar_data_init3        0x08000751   0x28  Code  Gb  data_init.o [5]
__iar_init_vfp          0x08000779         Code  Gb  fpinit_M.o [4]
__iar_program_start     0x080007fd         Code  Gb  cstartup_M.o [5]
__vector_table          0x08000000         Data  Gb  vector_table_M.o [5]
_call_main              0x080007c1         Code  Gb  cmain.o [5]
_exit                   0x080007d5         Code  Gb  cexit.o [5]
_main                   0x080007cb         Code  Gb  cmain.o [5]
calculate_crc_modbus    0x08000093   0x40  Code  Gb  main.o [1]
exit                    0x080007cf    0x4  Code  Gb  exit.o [3]
main                    0x0800039d  0x36a  Code  Gb  main.o [1]
receive_modbus_response
                        0x0800020d   0x48  Code  Gb  main.o [1]
send_modbus_read_registers
                        0x0800015d   0xb0  Code  Gb  main.o [1]
send_modbus_write_register
                        0x080000d3   0x8a  Code  Gb  main.o [1]
uart1_receive_char      0x08000077   0x1c  Code  Gb  main.o [1]
uart1_send_char         0x08000041   0x36  Code  Gb  main.o [1]


[1] = D:\Работа\Диод\UART1 Modbus RX TX — копия\Debug\Obj
[2] = command line
[3] = dl7M_tln.a
[4] = m7M_tls.a
[5] = rt7M_tl.a

  2 018 bytes of readonly  code memory
     38 bytes of readonly  data memory
  8 208 bytes of readwrite data memory

Errors: none
Warnings: none
